test_augmentation_removes_canonical_swap_duplicates (test_data_and_evaluation.DataTests) ... ok
test_dummy_evaluator_has_uniform_legal_policy_and_absolute_value (test_data_and_evaluation.DataTests) ... ok
test_raw_record_round_trip_reconstructs_position (test_data_and_evaluation.DataTests) ... ok
test_replay_reports_actual_consumption (test_data_and_evaluation.DataTests) ... ok
test_self_play_records_keep_reconstructable_search_evidence (test_data_and_evaluation.DataTests) ... ok
test_arena_pairs_every_opening_with_both_colors (test_data_and_evaluation.EvaluationTests) ... ok
test_elo_table_recovers_a_simple_rating_difference (test_data_and_evaluation.EvaluationTests) ... ok
test_random_openings_are_distinct_and_reproducible (test_data_and_evaluation.EvaluationTests) ... ok
test_wilson_interval_contains_observed_score (test_data_and_evaluation.EvaluationTests) ... ok
test_alpha_beta_matches_brute_force_on_tractable_positions (test_game.GameRulesTests) ... ok
test_alpha_beta_timeout_restores_position (test_game.GameRulesTests) ... ok
test_capture_and_straight_move_restrictions (test_game.GameRulesTests) ... ok
test_generator_matches_independent_reference_during_games (test_game.GameRulesTests) ... ok
test_goal_move_is_terminal_and_does_not_switch_player (test_game.GameRulesTests) ... ok
test_initial_5x5_and_native_8x8_setup (test_game.GameRulesTests) ... ok
test_make_unmake_restores_every_field_exactly (test_game.GameRulesTests) ... ok
test_no_legal_reply_is_a_win_without_turn_switch (test_game.GameRulesTests) ... ok
test_policy_round_trip_for_every_legal_move_in_random_games (test_game.GameRulesTests) ... ok
test_swap_and_reflection_commute (test_game.GameRulesTests) ... ok
test_symmetries_are_involutions_and_preserve_legal_moves (test_game.GameRulesTests) ... ok
test_all_absolute_targets_convert_relative (test_neural.NeuralBoundaryTests) ... ok
test_identical_canonical_inputs_have_identical_raw_predictions (test_neural.NeuralBoundaryTests) ... ok
test_illegal_actions_are_masked_exactly (test_neural.NeuralBoundaryTests) ... ok
test_keras_save_load_preserves_predictions (test_neural.NeuralBoundaryTests) ... 2026-08-23 19:56:53.159202: E tensorflow/compiler/xla/stream_executor/cuda/cuda_dnn.cc:9342] Unable to register cuDNN factory: Attempting to register factory for plugin cuDNN when one has already been registered
2026-08-23 19:56:53.159228: E tensorflow/compiler/xla/stream_executor/cuda/cuda_fft.cc:609] Unable to register cuFFT factory: Attempting to register factory for plugin cuFFT when one has already been registered
2026-08-23 19:56:53.159233: E tensorflow/compiler/xla/stream_executor/cuda/cuda_blas.cc:1518] Unable to register cuBLAS factory: Attempting to register factory for plugin cuBLAS when one has already been registered
2026-08-23 19:56:53.162714: I tensorflow/core/platform/cpu_feature_guard.cc:182] This TensorFlow binary is optimized to use available CPU instructions in performance-critical operations.
To enable the following instructions: SSE4.1 SSE4.2 AVX AVX2 FMA, in other operations, rebuild TensorFlow with the appropriate compiler flags.
/home/zurlu/.conda/envs/zur_env/lib/python3.9/site-packages/tensorflow/python/framework/dtypes.py:35: DeprecationWarning: ml_dtypes.float8_e4m3b11 is deprecated. Use ml_dtypes.float8_e4m3b11fnuz
  from tensorflow.tsl.python.lib.core import pywrap_ml_dtypes
2026-08-23 19:56:56.168686: I tensorflow/compiler/xla/stream_executor/cuda/cuda_gpu_executor.cc:894] successful NUMA node read from SysFS had negative value (-1), but there must be at least one NUMA node, so returning NUMA node zero. See more at https://github.com/torvalds/linux/blob/v6.0/Documentation/ABI/testing/sysfs-bus-pci#L344-L355
2026-08-23 19:56:56.183631: I tensorflow/compiler/xla/stream_executor/cuda/cuda_gpu_executor.cc:894] successful NUMA node read from SysFS had negative value (-1), but there must be at least one NUMA node, so returning NUMA node zero. See more at https://github.com/torvalds/linux/blob/v6.0/Documentation/ABI/testing/sysfs-bus-pci#L344-L355
2026-08-23 19:56:56.183781: I tensorflow/compiler/xla/stream_executor/cuda/cuda_gpu_executor.cc:894] successful NUMA node read from SysFS had negative value (-1), but there must be at least one NUMA node, so returning NUMA node zero. See more at https://github.com/torvalds/linux/blob/v6.0/Documentation/ABI/testing/sysfs-bus-pci#L344-L355
2026-08-23 19:56:56.184232: I tensorflow/compiler/xla/stream_executor/cuda/cuda_gpu_executor.cc:894] successful NUMA node read from SysFS had negative value (-1), but there must be at least one NUMA node, so returning NUMA node zero. See more at https://github.com/torvalds/linux/blob/v6.0/Documentation/ABI/testing/sysfs-bus-pci#L344-L355
2026-08-23 19:56:56.184342: I tensorflow/compiler/xla/stream_executor/cuda/cuda_gpu_executor.cc:894] successful NUMA node read from SysFS had negative value (-1), but there must be at least one NUMA node, so returning NUMA node zero. See more at https://github.com/torvalds/linux/blob/v6.0/Documentation/ABI/testing/sysfs-bus-pci#L344-L355
2026-08-23 19:56:56.184441: I tensorflow/compiler/xla/stream_executor/cuda/cuda_gpu_executor.cc:894] successful NUMA node read from SysFS had negative value (-1), but there must be at least one NUMA node, so returning NUMA node zero. See more at https://github.com/torvalds/linux/blob/v6.0/Documentation/ABI/testing/sysfs-bus-pci#L344-L355
2026-08-23 19:56:56.240936: I tensorflow/compiler/xla/stream_executor/cuda/cuda_gpu_executor.cc:894] successful NUMA node read from SysFS had negative value (-1), but there must be at least one NUMA node, so returning NUMA node zero. See more at https://github.com/torvalds/linux/blob/v6.0/Documentation/ABI/testing/sysfs-bus-pci#L344-L355
2026-08-23 19:56:56.241083: I tensorflow/compiler/xla/stream_executor/cuda/cuda_gpu_executor.cc:894] successful NUMA node read from SysFS had negative value (-1), but there must be at least one NUMA node, so returning NUMA node zero. See more at https://github.com/torvalds/linux/blob/v6.0/Documentation/ABI/testing/sysfs-bus-pci#L344-L355
2026-08-23 19:56:56.241192: I tensorflow/compiler/xla/stream_executor/cuda/cuda_gpu_executor.cc:894] successful NUMA node read from SysFS had negative value (-1), but there must be at least one NUMA node, so returning NUMA node zero. See more at https://github.com/torvalds/linux/blob/v6.0/Documentation/ABI/testing/sysfs-bus-pci#L344-L355
2026-08-23 19:56:56.241271: I tensorflow/core/common_runtime/gpu/gpu_device.cc:1886] Created device /job:localhost/replica:0/task:0/device:GPU:0 with 6797 MB memory:  -> device: 0, name: NVIDIA GeForce RTX 2080 SUPER, pci bus id: 0000:01:00.0, compute capability: 7.5
2026-08-23 19:56:57.032995: I tensorflow/compiler/xla/stream_executor/cuda/cuda_dnn.cc:442] Loaded cuDNN version 8907
2026-08-23 19:56:57.075226: I tensorflow/tsl/platform/default/subprocess.cc:304] Start cannot spawn child process: No such file or directory
2026-08-23 19:56:57.123777: I tensorflow/tsl/platform/default/subprocess.cc:304] Start cannot spawn child process: No such file or directory
2026-08-23 19:56:57.183310: I tensorflow/compiler/xla/service/service.cc:168] XLA service 0x7f0452736370 initialized for platform CUDA (this does not guarantee that XLA will be used). Devices:
2026-08-23 19:56:57.183331: I tensorflow/compiler/xla/service/service.cc:176]   StreamExecutor device (0): NVIDIA GeForce RTX 2080 SUPER, Compute Capability 7.5
2026-08-23 19:56:57.186329: I tensorflow/compiler/mlir/tensorflow/utils/dump_mlir_util.cc:269] disabling MLIR crash reproducer, set env var `MLIR_CRASH_REPRODUCER_DIRECTORY` to enable.
2026-08-23 19:56:57.230347: I ./tensorflow/compiler/jit/device_compiler.h:186] Compiled cluster using XLA!  This line is logged at most once for the lifetime of the process.
ok
test_left_right_policy_transform_is_exact (test_neural.NeuralBoundaryTests) ... ok
test_native_network_shapes_are_never_padded (test_neural.NeuralBoundaryTests) ... ok
test_swapped_and_rotated_positions_have_identical_inputs (test_neural.NeuralBoundaryTests) ... ok
test_wrapper_opposes_absolute_values_for_swapped_players (test_neural.NeuralBoundaryTests) ... ok
test_backup_preserves_absolute_sign (test_puct.PUCTTests) ... ok
test_immediate_winning_moves_are_found_for_both_players (test_puct.PUCTTests) ... ok
test_parent_player_controls_absolute_q_exploitation (test_puct.PUCTTests) ... ok
test_search_never_mutates_input (test_puct.PUCTTests) ... ok
test_swapped_positions_reverse_absolute_root_values (test_puct.PUCTTests) ... ok
test_unvisited_child_uses_parent_q_as_first_play_urgency (test_puct.PUCTTests) ... ok

----------------------------------------------------------------------
Ran 34 tests in 5.683s

OK

2026-08-23 19:58:35.744133: E tensorflow/compiler/xla/stream_executor/cuda/cuda_dnn.cc:9342] Unable to register cuDNN factory: Attempting to register factory for plugin cuDNN when one has already been registered
2026-08-23 19:58:35.744163: E tensorflow/compiler/xla/stream_executor/cuda/cuda_fft.cc:609] Unable to register cuFFT factory: Attempting to register factory for plugin cuFFT when one has already been registered
2026-08-23 19:58:35.744171: E tensorflow/compiler/xla/stream_executor/cuda/cuda_blas.cc:1518] Unable to register cuBLAS factory: Attempting to register factory for plugin cuBLAS when one has already been registered
2026-08-23 19:58:35.747126: I tensorflow/core/platform/cpu_feature_guard.cc:182] This TensorFlow binary is optimized to use available CPU instructions in performance-critical operations.
To enable the following instructions: SSE4.1 SSE4.2 AVX AVX2 FMA, in other operations, rebuild TensorFlow with the appropriate compiler flags.
2026-08-23 19:58:38.360825: I tensorflow/compiler/xla/stream_executor/cuda/cuda_gpu_executor.cc:894] successful NUMA node read from SysFS had negative value (-1), but there must be at least one NUMA node, so returning NUMA node zero. See more at https://github.com/torvalds/linux/blob/v6.0/Documentation/ABI/testing/sysfs-bus-pci#L344-L355
2026-08-23 19:58:38.374917: I tensorflow/compiler/xla/stream_executor/cuda/cuda_gpu_executor.cc:894] successful NUMA node read from SysFS had negative value (-1), but there must be at least one NUMA node, so returning NUMA node zero. See more at https://github.com/torvalds/linux/blob/v6.0/Documentation/ABI/testing/sysfs-bus-pci#L344-L355
2026-08-23 19:58:38.375080: I tensorflow/compiler/xla/stream_executor/cuda/cuda_gpu_executor.cc:894] successful NUMA node read from SysFS had negative value (-1), but there must be at least one NUMA node, so returning NUMA node zero. See more at https://github.com/torvalds/linux/blob/v6.0/Documentation/ABI/testing/sysfs-bus-pci#L344-L355
2026-08-23 19:58:38.375466: I tensorflow/compiler/xla/stream_executor/cuda/cuda_gpu_executor.cc:894] successful NUMA node read from SysFS had negative value (-1), but there must be at least one NUMA node, so returning NUMA node zero. See more at https://github.com/torvalds/linux/blob/v6.0/Documentation/ABI/testing/sysfs-bus-pci#L344-L355
2026-08-23 19:58:38.375578: I tensorflow/compiler/xla/stream_executor/cuda/cuda_gpu_executor.cc:894] successful NUMA node read from SysFS had negative value (-1), but there must be at least one NUMA node, so returning NUMA node zero. See more at https://github.com/torvalds/linux/blob/v6.0/Documentation/ABI/testing/sysfs-bus-pci#L344-L355
2026-08-23 19:58:38.375680: I tensorflow/compiler/xla/stream_executor/cuda/cuda_gpu_executor.cc:894] successful NUMA node read from SysFS had negative value (-1), but there must be at least one NUMA node, so returning NUMA node zero. See more at https://github.com/torvalds/linux/blob/v6.0/Documentation/ABI/testing/sysfs-bus-pci#L344-L355
2026-08-23 19:58:38.431928: I tensorflow/compiler/xla/stream_executor/cuda/cuda_gpu_executor.cc:894] successful NUMA node read from SysFS had negative value (-1), but there must be at least one NUMA node, so returning NUMA node zero. See more at https://github.com/torvalds/linux/blob/v6.0/Documentation/ABI/testing/sysfs-bus-pci#L344-L355
2026-08-23 19:58:38.432120: I tensorflow/compiler/xla/stream_executor/cuda/cuda_gpu_executor.cc:894] successful NUMA node read from SysFS had negative value (-1), but there must be at least one NUMA node, so returning NUMA node zero. See more at https://github.com/torvalds/linux/blob/v6.0/Documentation/ABI/testing/sysfs-bus-pci#L344-L355
2026-08-23 19:58:38.432232: I tensorflow/compiler/xla/stream_executor/cuda/cuda_gpu_executor.cc:894] successful NUMA node read from SysFS had negative value (-1), but there must be at least one NUMA node, so returning NUMA node zero. See more at https://github.com/torvalds/linux/blob/v6.0/Documentation/ABI/testing/sysfs-bus-pci#L344-L355
2026-08-23 19:58:38.432314: I tensorflow/core/common_runtime/gpu/gpu_device.cc:1886] Created device /job:localhost/replica:0/task:0/device:GPU:0 with 6797 MB memory:  -> device: 0, name: NVIDIA GeForce RTX 2080 SUPER, pci bus id: 0000:01:00.0, compute capability: 7.5
2026-08-23 19:58:39.501026: I tensorflow/compiler/xla/stream_executor/cuda/cuda_dnn.cc:442] Loaded cuDNN version 8907
2026-08-23 19:58:39.541346: I tensorflow/tsl/platform/default/subprocess.cc:304] Start cannot spawn child process: No such file or directory
2026-08-23 19:58:39.588863: I tensorflow/tsl/platform/default/subprocess.cc:304] Start cannot spawn child process: No such file or directory
2026-08-23 19:58:39.657229: I tensorflow/compiler/xla/service/service.cc:168] XLA service 0x7f34e08a15e0 initialized for platform CUDA (this does not guarantee that XLA will be used). Devices:
2026-08-23 19:58:39.657250: I tensorflow/compiler/xla/service/service.cc:176]   StreamExecutor device (0): NVIDIA GeForce RTX 2080 SUPER, Compute Capability 7.5
2026-08-23 19:58:39.660397: I tensorflow/compiler/mlir/tensorflow/utils/dump_mlir_util.cc:269] disabling MLIR crash reproducer, set env var `MLIR_CRASH_REPRODUCER_DIRECTORY` to enable.
2026-08-23 19:58:39.718699: I ./tensorflow/compiler/jit/device_compiler.h:186] Compiled cluster using XLA!  This line is logged at most once for the lifetime of the process.

Epoch 1/8
1708/1708 - 7s - loss: 3.2359 - policy_loss: 2.3928 - value_loss: 0.7988 - val_loss: 3.0795 - val_policy_loss: 2.2778 - val_value_loss: 0.7570 - 7s/epoch - 4ms/step
Epoch 2/8
1708/1708 - 5s - loss: 3.0725 - policy_loss: 2.2686 - value_loss: 0.7600 - val_loss: 3.0635 - val_policy_loss: 2.2681 - val_value_loss: 0.7526 - 5s/epoch - 3ms/step
Epoch 3/8
1708/1708 - 5s - loss: 3.0494 - policy_loss: 2.2534 - value_loss: 0.7544 - val_loss: 3.0400 - val_policy_loss: 2.2545 - val_value_loss: 0.7453 - 5s/epoch - 3ms/step
Epoch 4/8
1708/1708 - 5s - loss: 3.0374 - policy_loss: 2.2458 - value_loss: 0.7521 - val_loss: 3.0295 - val_policy_loss: 2.2455 - val_value_loss: 0.7455 - 5s/epoch - 3ms/step
Epoch 5/8
1708/1708 - 5s - loss: 3.0273 - policy_loss: 2.2404 - value_loss: 0.7493 - val_loss: 3.0249 - val_policy_loss: 2.2413 - val_value_loss: 0.7473 - 5s/epoch - 3ms/step
Epoch 6/8
1708/1708 - 5s - loss: 3.0208 - policy_loss: 2.2366 - value_loss: 0.7485 - val_loss: 3.0186 - val_policy_loss: 2.2374 - val_value_loss: 0.7465 - 5s/epoch - 3ms/step
Epoch 7/8
1708/1708 - 5s - loss: 3.0155 - policy_loss: 2.2336 - value_loss: 0.7477 - val_loss: 3.0104 - val_policy_loss: 2.2368 - val_value_loss: 0.7402 - 5s/epoch - 3ms/step
Epoch 8/8
1708/1708 - 5s - loss: 3.0097 - policy_loss: 2.2304 - value_loss: 0.7463 - val_loss: 3.0114 - val_policy_loss: 2.2332 - val_value_loss: 0.7462 - 5s/epoch - 3ms/step
{
  "data": "data/raw/pretraining-5x5-10000.jsonl.gz",
  "checkpoint": "checkpoints/pretrained-5x5.keras",
  "checkpoint_sha256": "2f2c4ab5e794c78b9ec769cc0083252ce836326e896573b7ba8a2e69dcf269eb",
  "records": 121565,
  "network": {
    "filters": 48,
    "residual_blocks": 3
  },
  "training_conversion": {
    "examples": 218565,
    "symmetry_duplicates_removed": 218567
  },
  "validation_conversion": {
    "examples": 24564,
    "symmetry_duplicates_removed": 24564
  },
  "training_games": 9000,
  "validation_games": 1000,
  "history": {
    "loss": [
      3.2359492778778076,
      3.072463035583496,
      3.049429178237915,
      3.0373764038085938,
      3.0273120403289795,
      3.020758867263794,
      3.0154731273651123,
      3.0096590518951416
    ],
    "policy_loss": [
      2.3928451538085938,
      2.268624782562256,
      2.2533841133117676,
      2.245811700820923,
      2.2404356002807617,
      2.2365505695343018,
      2.2335615158081055,
      2.2304461002349854
    ],
    "value_loss": [
      0.7987516522407532,
      0.7599735856056213,
      0.7544315457344055,
      0.7520580291748047,
      0.7493320107460022,
      0.7485210299491882,
      0.747692883014679,
      0.7463029623031616
    ],
    "val_loss": [
      3.0794756412506104,
      3.0635149478912354,
      3.0400168895721436,
      3.0294692516326904,
      3.0249404907226562,
      3.0185720920562744,
      3.010411262512207,
      3.0113704204559326
    ],
    "val_policy_loss": [
      2.2777810096740723,
      2.268129825592041,
      2.2545061111450195,
      2.2455127239227295,
      2.241311550140381,
      2.2373783588409424,
      2.2367806434631348,
      2.233220100402832
    ],
    "val_value_loss": [
      0.7569952011108398,
      0.7526176571846008,
      0.7452831268310547,
      0.7455075979232788,
      0.7472500205039978,
      0.7464747428894043,
      0.7402147650718689,
      0.7461751699447632
    ]
  },
  "tactical": {
    "positions": [
      {
        "name": "immediate_win",
        "category": "immediate wins",
        "player_to_move": 1,
        "expected_absolute_outcome": 1,
        "predicted_absolute_value": 1.0,
        "value_correct": true,
        "solver_actions": [
          51,
          52,
          53
        ],
        "top_policy_action": 51,
        "policy_correct": true
      },
      {
        "name": "must_defend",
        "category": "immediate threats requiring defense",
        "player_to_move": 1,
        "expected_absolute_outcome": 1,
        "predicted_absolute_value": -0.22133466601371765,
        "value_correct": false,
        "solver_actions": [
          5
        ],
        "top_policy_action": 5,
        "policy_correct": true
      },
      {
        "name": "forced_race",
        "category": "forced wins and losses",
        "player_to_move": 1,
        "expected_absolute_outcome": 1,
        "predicted_absolute_value": 0.9601850509643555,
        "value_correct": true,
        "solver_actions": [
          33,
          34,
          35
        ],
        "top_policy_action": 34,
        "policy_correct": true
      },
      {
        "name": "forced_loss",
        "category": "forced wins and losses",
        "player_to_move": 1,
        "expected_absolute_outcome": -1,
        "predicted_absolute_value": -0.988702654838562,
        "value_correct": true,
        "solver_actions": [
          12,
          27,
          28
        ],
        "top_policy_action": 27,
        "policy_correct": true
      },
      {
        "name": "material_edge",
        "category": "material advantages",
        "player_to_move": 1,
        "expected_absolute_outcome": 1,
        "predicted_absolute_value": 0.0278185848146677,
        "value_correct": true,
        "solver_actions": [
          21,
          23
        ],
        "top_policy_action": 21,
        "policy_correct": true
      },
      {
        "name": "passed_pawn",
        "category": "advanced passed pawns",
        "player_to_move": 1,
        "expected_absolute_outcome": 1,
        "predicted_absolute_value": 0.9864844083786011,
        "value_correct": true,
        "solver_actions": [
          1,
          2,
          33,
          34,
          35
        ],
        "top_policy_action": 35,
        "policy_correct": true
      },
      {
        "name": "immediate_win_swapped",
        "category": "immediate wins",
        "player_to_move": -1,
        "expected_absolute_outcome": -1,
        "predicted_absolute_value": -1.0,
        "value_correct": true,
        "solver_actions": [
          53,
          52,
          51
        ],
        "top_policy_action": 51,
        "policy_correct": true
      },
      {
        "name": "must_defend_swapped",
        "category": "immediate threats requiring defense",
        "player_to_move": -1,
        "expected_absolute_outcome": -1,
        "predicted_absolute_value": 0.22133466601371765,
        "value_correct": false,
        "solver_actions": [
          5
        ],
        "top_policy_action": 5,
        "policy_correct": true
      },
      {
        "name": "forced_race_swapped",
        "category": "forced wins and losses",
        "player_to_move": -1,
        "expected_absolute_outcome": -1,
        "predicted_absolute_value": -0.9601850509643555,
        "value_correct": true,
        "solver_actions": [
          35,
          34,
          33
        ],
        "top_policy_action": 34,
        "policy_correct": true
      },
      {
        "name": "forced_loss_swapped",
        "category": "forced wins and losses",
        "player_to_move": -1,
        "expected_absolute_outcome": 1,
        "predicted_absolute_value": 0.988702654838562,
        "value_correct": true,
        "solver_actions": [
          28,
          27,
          12
        ],
        "top_policy_action": 27,
        "policy_correct": true
      },
      {
        "name": "material_edge_swapped",
        "category": "material advantages",
        "player_to_move": -1,
        "expected_absolute_outcome": -1,
        "predicted_absolute_value": -0.0278185848146677,
        "value_correct": true,
        "solver_actions": [
          23,
          21
        ],
        "top_policy_action": 21,
        "policy_correct": true
      },
      {
        "name": "passed_pawn_swapped",
        "category": "advanced passed pawns",
        "player_to_move": -1,
        "expected_absolute_outcome": -1,
        "predicted_absolute_value": -0.9864844083786011,
        "value_correct": true,
        "solver_actions": [
          35,
          34,
          33,
          2,
          1
        ],
        "top_policy_action": 35,
        "policy_correct": true
      }
    ],
    "value_accuracy": 0.8333333333333334,
    "policy_accuracy": 1.0,
    "mean_color_swap_absolute_error": 0.0
  }
}

