2026-08-23 20:57:42.359664: E tensorflow/compiler/xla/stream_executor/cuda/cuda_dnn.cc:9342] Unable to register cuDNN factory: Attempting to register factory for plugin cuDNN when one has already been registered
2026-08-23 20:57:42.359688: E tensorflow/compiler/xla/stream_executor/cuda/cuda_fft.cc:609] Unable to register cuFFT factory: Attempting to register factory for plugin cuFFT when one has already been registered
2026-08-23 20:57:42.359694: E tensorflow/compiler/xla/stream_executor/cuda/cuda_blas.cc:1518] Unable to register cuBLAS factory: Attempting to register factory for plugin cuBLAS when one has already been registered
2026-08-23 20:57:42.363218: I tensorflow/core/platform/cpu_feature_guard.cc:182] This TensorFlow binary is optimized to use available CPU instructions in performance-critical operations.
To enable the following instructions: SSE4.1 SSE4.2 AVX AVX2 FMA, in other operations, rebuild TensorFlow with the appropriate compiler flags.
test_augmentation_removes_canonical_swap_duplicates (test_data_and_evaluation.DataTests) ... ok
test_dummy_evaluator_has_uniform_legal_policy_and_absolute_value (test_data_and_evaluation.DataTests) ... ok
test_first_iteration_tactical_decline_is_compared_with_actor (test_data_and_evaluation.DataTests) ... ok
test_raw_record_round_trip_reconstructs_position (test_data_and_evaluation.DataTests) ... ok
test_replay_reports_actual_consumption (test_data_and_evaluation.DataTests) ... ok
test_self_play_records_keep_reconstructable_search_evidence (test_data_and_evaluation.DataTests) ... ok
test_arena_pairs_every_opening_with_both_colors (test_data_and_evaluation.EvaluationTests) ... ok
test_elo_table_recovers_a_simple_rating_difference (test_data_and_evaluation.EvaluationTests) ... ok
test_random_openings_are_distinct_and_reproducible (test_data_and_evaluation.EvaluationTests) ... ok
test_wilson_interval_contains_observed_score (test_data_and_evaluation.EvaluationTests) ... ok
test_alpha_beta_matches_brute_force_on_tractable_positions (test_game.GameRulesTests) ... ok
test_alpha_beta_timeout_restores_position (test_game.GameRulesTests) ... ok
test_capture_and_straight_move_restrictions (test_game.GameRulesTests) ... ok
test_generator_matches_independent_reference_during_games (test_game.GameRulesTests) ... ok
test_goal_move_is_terminal_and_does_not_switch_player (test_game.GameRulesTests) ... ok
test_initial_5x5_and_native_8x8_setup (test_game.GameRulesTests) ... ok
test_make_unmake_restores_every_field_exactly (test_game.GameRulesTests) ... ok
test_no_legal_reply_is_a_win_without_turn_switch (test_game.GameRulesTests) ... ok
test_policy_round_trip_for_every_legal_move_in_random_games (test_game.GameRulesTests) ... ok
test_swap_and_reflection_commute (test_game.GameRulesTests) ... ok
test_symmetries_are_involutions_and_preserve_legal_moves (test_game.GameRulesTests) ... ok
test_all_absolute_targets_convert_relative (test_neural.NeuralBoundaryTests) ... ok
test_identical_canonical_inputs_have_identical_raw_predictions (test_neural.NeuralBoundaryTests) ... ok
test_illegal_actions_are_masked_exactly (test_neural.NeuralBoundaryTests) ... ok
test_keras_save_load_preserves_predictions (test_neural.NeuralBoundaryTests) ... 2026-08-23 20:57:45.581776: I tensorflow/compiler/xla/stream_executor/cuda/cuda_gpu_executor.cc:894] successful NUMA node read from SysFS had negative value (-1), but there must be at least one NUMA node, so returning NUMA node zero. See more at https://github.com/torvalds/linux/blob/v6.0/Documentation/ABI/testing/sysfs-bus-pci#L344-L355
2026-08-23 20:57:45.597735: I tensorflow/compiler/xla/stream_executor/cuda/cuda_gpu_executor.cc:894] successful NUMA node read from SysFS had negative value (-1), but there must be at least one NUMA node, so returning NUMA node zero. See more at https://github.com/torvalds/linux/blob/v6.0/Documentation/ABI/testing/sysfs-bus-pci#L344-L355
2026-08-23 20:57:45.597887: I tensorflow/compiler/xla/stream_executor/cuda/cuda_gpu_executor.cc:894] successful NUMA node read from SysFS had negative value (-1), but there must be at least one NUMA node, so returning NUMA node zero. See more at https://github.com/torvalds/linux/blob/v6.0/Documentation/ABI/testing/sysfs-bus-pci#L344-L355
2026-08-23 20:57:45.598268: I tensorflow/compiler/xla/stream_executor/cuda/cuda_gpu_executor.cc:894] successful NUMA node read from SysFS had negative value (-1), but there must be at least one NUMA node, so returning NUMA node zero. See more at https://github.com/torvalds/linux/blob/v6.0/Documentation/ABI/testing/sysfs-bus-pci#L344-L355
2026-08-23 20:57:45.598378: I tensorflow/compiler/xla/stream_executor/cuda/cuda_gpu_executor.cc:894] successful NUMA node read from SysFS had negative value (-1), but there must be at least one NUMA node, so returning NUMA node zero. See more at https://github.com/torvalds/linux/blob/v6.0/Documentation/ABI/testing/sysfs-bus-pci#L344-L355
2026-08-23 20:57:45.598471: I tensorflow/compiler/xla/stream_executor/cuda/cuda_gpu_executor.cc:894] successful NUMA node read from SysFS had negative value (-1), but there must be at least one NUMA node, so returning NUMA node zero. See more at https://github.com/torvalds/linux/blob/v6.0/Documentation/ABI/testing/sysfs-bus-pci#L344-L355
2026-08-23 20:57:45.658938: I tensorflow/compiler/xla/stream_executor/cuda/cuda_gpu_executor.cc:894] successful NUMA node read from SysFS had negative value (-1), but there must be at least one NUMA node, so returning NUMA node zero. See more at https://github.com/torvalds/linux/blob/v6.0/Documentation/ABI/testing/sysfs-bus-pci#L344-L355
2026-08-23 20:57:45.659076: I tensorflow/compiler/xla/stream_executor/cuda/cuda_gpu_executor.cc:894] successful NUMA node read from SysFS had negative value (-1), but there must be at least one NUMA node, so returning NUMA node zero. See more at https://github.com/torvalds/linux/blob/v6.0/Documentation/ABI/testing/sysfs-bus-pci#L344-L355
2026-08-23 20:57:45.659179: I tensorflow/compiler/xla/stream_executor/cuda/cuda_gpu_executor.cc:894] successful NUMA node read from SysFS had negative value (-1), but there must be at least one NUMA node, so returning NUMA node zero. See more at https://github.com/torvalds/linux/blob/v6.0/Documentation/ABI/testing/sysfs-bus-pci#L344-L355
2026-08-23 20:57:45.659254: I tensorflow/core/common_runtime/gpu/gpu_device.cc:1886] Created device /job:localhost/replica:0/task:0/device:GPU:0 with 6797 MB memory:  -> device: 0, name: NVIDIA GeForce RTX 2080 SUPER, pci bus id: 0000:01:00.0, compute capability: 7.5
2026-08-23 20:57:46.439261: I tensorflow/compiler/xla/stream_executor/cuda/cuda_dnn.cc:442] Loaded cuDNN version 8907
2026-08-23 20:57:46.481752: I tensorflow/tsl/platform/default/subprocess.cc:304] Start cannot spawn child process: No such file or directory
2026-08-23 20:57:46.530183: I tensorflow/tsl/platform/default/subprocess.cc:304] Start cannot spawn child process: No such file or directory
2026-08-23 20:57:46.590275: I tensorflow/compiler/xla/service/service.cc:168] XLA service 0x7f52ea468550 initialized for platform CUDA (this does not guarantee that XLA will be used). Devices:
2026-08-23 20:57:46.590295: I tensorflow/compiler/xla/service/service.cc:176]   StreamExecutor device (0): NVIDIA GeForce RTX 2080 SUPER, Compute Capability 7.5
2026-08-23 20:57:46.593309: I tensorflow/compiler/mlir/tensorflow/utils/dump_mlir_util.cc:269] disabling MLIR crash reproducer, set env var `MLIR_CRASH_REPRODUCER_DIRECTORY` to enable.
2026-08-23 20:57:46.636872: I ./tensorflow/compiler/jit/device_compiler.h:186] Compiled cluster using XLA!  This line is logged at most once for the lifetime of the process.
ok
test_left_right_policy_transform_is_exact (test_neural.NeuralBoundaryTests) ... ok
test_native_network_shapes_are_never_padded (test_neural.NeuralBoundaryTests) ... ok
test_swapped_and_rotated_positions_have_identical_inputs (test_neural.NeuralBoundaryTests) ... ok
test_wrapper_opposes_absolute_values_for_swapped_players (test_neural.NeuralBoundaryTests) ... ok
test_backup_preserves_absolute_sign (test_puct.PUCTTests) ... ok
test_immediate_winning_moves_are_found_for_both_players (test_puct.PUCTTests) ... ok
test_parent_player_controls_absolute_q_exploitation (test_puct.PUCTTests) ... ok
test_search_never_mutates_input (test_puct.PUCTTests) ... ok
test_swapped_positions_reverse_absolute_root_values (test_puct.PUCTTests) ... ok
test_unvisited_child_uses_parent_q_as_first_play_urgency (test_puct.PUCTTests) ... ok
test_teaching_source_avoids_advanced_language_features (test_simple_python.SimplePythonTests) ... ok

----------------------------------------------------------------------
Ran 36 tests in 2.364s

OK

{
  "board_size": 5,
  "starting_rows": 1,
  "games": 2,
  "simulations": 4,
  "cpuct": 1.5,
  "seed": 20260811,
  "tactical_rollouts": false,
  "temperature": 1.0,
  "temperature_plies": 4,
  "positions": 49,
  "player1_wins": 1,
  "elapsed_s": 0.03941227309405804,
  "output": "data/raw/smoke-pretraining-33976.jsonl.gz",
  "output_sha256": "79e21143c445593c1384c284f7a56ffe126adfcc2820e29f3b5a5fcba353fdb7"
}

{
  "positions": 49,
  "games": 2,
  "mean_game_length": 24.5,
  "mean_search_seconds": 0.0006971614368792091,
  "mean_root_visits": 4.0,
  "player1_outcome_fraction": 0.5102040816326531
}

